// Jest Snapshot v1, https://goo.gl/fbAQLP

exports[`Home renders properly 1`] = `
<div
  className="Home"
>
  <input
    onChange={[Function]}
  />
  <button
    onClick={[Function]}
  >
    Add
  </button>
</div>
`;
